// Jest Snapshot v1, https://goo.gl/fbAQLP

exports[`GifItem test should match with snapshot 1`] = `undefined`;
